// Vitest Snapshot v1, https://vitest.dev/guide/snapshot.html

exports[`Blur > should render 1`] = `
<div>
  <div
    aria-hidden="true"
    class="top-blur pointer-events-none fixed left-0 top-0 z-9999 h-10 w-full cursor-none select-none opacity-95 backdrop-blur-[5px] inset-0 bg-[linear-gradient(to_bottom,rgba(252,252,252,1),rgba(252,252,252,0))] sm:h-20"
  />
</div>
`;
