// Vitest Snapshot v1, https://vitest.dev/guide/snapshot.html

exports[`SEOData > renders two JSON-LD script tags with valid JSON 1`] = `"{"@context":"https://schema.org","@type":"Person","name":"Emirhan Kemal Kosem","alternateName":"Emir","jobTitle":"Frontend Software Engineer","description":"Frontend Software Engineer with 8+ years of experience in React, Next.js, TypeScript, and GraphQL. Based in Berlin, specializing in high-performance web applications, accessibility, and modern web standards.","url":"https://emirkemal.com","image":"https://emirhan.github.io/pp.png","sameAs":["https://github.com/KemalEmirhan","https://www.linkedin.com/in/emirhan-kemal-kosem-259569b3/","https://medium.com/@emirhankemalkosem","https://twitter.com/KsemEmir","https://www.instagram.com/emirhankemalkosem/"],"address":{"@type":"PostalAddress","addressLocality":"Berlin","addressCountry":"Germany"},"knowsAbout":["React","Next.js","TypeScript","JavaScript","GraphQL","Web Accessibility","Frontend Development","Web Performance","Component Libraries","UI/UX Design"],"email":"emirhankemalkosem@gmail.com","birthDate":"1994-08-13","nationality":"Turkish","gender":"Male"}"`;

exports[`SEOData > renders two JSON-LD script tags with valid JSON 2`] = `"{"@context":"https://schema.org","@type":"WebSite","name":"Emirhan Kemal Kosem - Frontend Software Engineer","description":"Personal website of Emirhan Kemal Kosem, a Frontend Software Engineer with 8+ years of experience.","url":"https://emirkemal.com","author":{"@type":"Person","name":"Emirhan Kemal Kosem"},"publisher":{"@type":"Person","name":"Emirhan Kemal Kosem"},"inLanguage":"en-US","copyrightYear":2025,"copyrightHolder":{"@type":"Person","name":"Emirhan Kemal Kosem"}}"`;
